<html>
<body>
<pre>
<h1>礦ision Build Log</h1>
<h2>Project:</h2>
C:\Users\Leslie\Desktop\项目\FlyMarker_IIC20160502\FlyOutdoor_origin\my.uvproj
Project File Date:  01/12/2016

<h2>Output:</h2>
Build target 'Target 1'
assembling SAM7.s...
compiling main.c...
compiling mypwm.c...
compiling myusart.c...
compiling mytwi_new.c...
compiling mypit.c...
compiling timer.c...
compiling LED.c...
compiling spibaro.c...
compiling gps.c...
compiling attitude.c...
compiling IMU.c...
compiling inout.c...
compiling PosEst.c...
compiling compass_on_gps.c...
compiling EEPROM.c...
compiling fixed_matrix_control.c...
compiling ADC.c...
compiling test_cpp.cpp...
compiling SDcard.c...
compiling twi_fast.c...
compiling Filter.c...
compiling USB.c...
linking...
Program Size: Code=61656 RO-data=888 RW-data=836 ZI-data=10404  
FromELF: creating hex file...
"my.axf" - 0 Error(s), 0 Warning(s).
Load "C:\\Users\\Leslie\\Desktop\\项目\\FlyMarker_IIC20160502\\FlyOutdoor_origin\\my.AXF" 
VTarget = 3.656V
Info: TotalIRLen = 4, IRPrint = 0x01
Info: RTCK seems to be bridged with TCK
Info: Auto JTAG speed: 8000 kHz
DLL version V4.90, compiled Jul 28 2014 10:35:20
Firmware: J-Link ARM V7 compiled Jun 20 2012 19:45:53
Hardware: V7.00
Hardware-Breakpoints: 2
Software-Breakpoints: 8192
Watchpoints:          0
Found 1 JTAG device, Total IRLen = 4:
 Id of device #0: 0x3F0F0F0F
ARM7 identified.
JTAG speed: 8000 kHz
Info: Device "AT91SAM7S256" selected (256 KB flash, 64 KB RAM).
Info: Adaptive clocking not supported for selected CPU core. Only supported for -S cores.
Info: Auto JTAG speed: 8000 kHz
Info: Adaptive clocking not supported for selected CPU core. Only supported for -S cores.
Info: Auto JTAG speed: 8000 kHz
JTAG speed: 8000 kHz
Programming Done.
Verify OK.
Build target 'Target 1'
assembling SAM7.s...
compiling main.c...
compiling mypwm.c...
compiling myusart.c...
compiling mytwi_new.c...
compiling mypit.c...
compiling timer.c...
compiling LED.c...
compiling spibaro.c...
compiling gps.c...
compiling attitude.c...
compiling IMU.c...
compiling inout.c...
compiling PosEst.c...
compiling compass_on_gps.c...
compiling EEPROM.c...
compiling fixed_matrix_control.c...
compiling ADC.c...
compiling test_cpp.cpp...
compiling SDcard.c...
compiling twi_fast.c...
compiling Filter.c...
compiling USB.c...
linking...
Program Size: Code=61656 RO-data=888 RW-data=836 ZI-data=10404  
FromELF: creating hex file...
"my.axf" - 0 Error(s), 0 Warning(s).
Load "C:\\Users\\Leslie\\Desktop\\项目\\FlyMarker_IIC20160502\\FlyOutdoor_origin\\my.AXF" 
VTarget = 3.662V
Info: TotalIRLen = 4, IRPrint = 0x01
Info: RTCK seems to be bridged with TCK
Info: Auto JTAG speed: 8000 kHz
DLL version V4.90, compiled Jul 28 2014 10:35:20
Firmware: J-Link ARM V7 compiled Jun 20 2012 19:45:53
Hardware: V7.00
Hardware-Breakpoints: 2
Software-Breakpoints: 8192
Watchpoints:          0
Found 1 JTAG device, Total IRLen = 4:
 Id of device #0: 0x3F0F0F0F
ARM7 identified.
JTAG speed: 8000 kHz
Info: Device "AT91SAM7S256" selected (256 KB flash, 64 KB RAM).
Info: Adaptive clocking not supported for selected CPU core. Only supported for -S cores.
Info: Auto JTAG speed: 8000 kHz
Info: Adaptive clocking not supported for selected CPU core. Only supported for -S cores.
Info: Auto JTAG speed: 8000 kHz
JTAG speed: 8000 kHz
Programming Done.
Verify OK.
Build target 'Target 1'
assembling SAM7.s...
compiling main.c...
compiling mypwm.c...
compiling myusart.c...
compiling mytwi_new.c...
compiling mypit.c...
compiling timer.c...
compiling LED.c...
compiling spibaro.c...
compiling gps.c...
compiling attitude.c...
compiling IMU.c...
compiling inout.c...
compiling PosEst.c...
compiling compass_on_gps.c...
compiling EEPROM.c...
compiling fixed_matrix_control.c...
compiling ADC.c...
compiling test_cpp.cpp...
compiling SDcard.c...
compiling twi_fast.c...
compiling Filter.c...
compiling USB.c...
linking...
Program Size: Code=61836 RO-data=892 RW-data=836 ZI-data=10404  
FromELF: creating hex file...
"my.axf" - 0 Error(s), 0 Warning(s).
Build target 'Target 1'
assembling SAM7.s...
compiling main.c...
compiling mypwm.c...
compiling myusart.c...
compiling mytwi_new.c...
compiling mypit.c...
compiling timer.c...
compiling LED.c...
compiling spibaro.c...
compiling gps.c...
compiling attitude.c...
compiling IMU.c...
compiling inout.c...
compiling PosEst.c...
compiling compass_on_gps.c...
compiling EEPROM.c...
compiling fixed_matrix_control.c...
compiling ADC.c...
compiling test_cpp.cpp...
compiling SDcard.c...
compiling twi_fast.c...
compiling Filter.c...
compiling USB.c...
linking...
Program Size: Code=61888 RO-data=888 RW-data=836 ZI-data=10404  
FromELF: creating hex file...
"my.axf" - 0 Error(s), 0 Warning(s).
Load "C:\\Users\\Leslie\\Desktop\\项目\\FlyMarker_IIC20160502\\FlyOutdoor_origin\\my.AXF" 
VTarget = 3.656V
Info: TotalIRLen = 4, IRPrint = 0x01
Info: RTCK seems to be bridged with TCK
Info: Auto JTAG speed: 8000 kHz
DLL version V4.90, compiled Jul 28 2014 10:35:20
Firmware: J-Link ARM V7 compiled Jun 20 2012 19:45:53
Hardware: V7.00
Hardware-Breakpoints: 2
Software-Breakpoints: 8192
Watchpoints:          0
Found 1 JTAG device, Total IRLen = 4:
 Id of device #0: 0x3F0F0F0F
ARM7 identified.
JTAG speed: 8000 kHz
Info: Device "AT91SAM7S256" selected (256 KB flash, 64 KB RAM).
Info: Adaptive clocking not supported for selected CPU core. Only supported for -S cores.
Info: Auto JTAG speed: 8000 kHz
Info: Adaptive clocking not supported for selected CPU core. Only supported for -S cores.
Info: Auto JTAG speed: 8000 kHz
JTAG speed: 8000 kHz
Programming Done.
Verify OK.
Build target 'Target 1'
assembling SAM7.s...
compiling main.c...
compiling mypwm.c...
compiling myusart.c...
compiling mytwi_new.c...
compiling mypit.c...
compiling timer.c...
compiling LED.c...
compiling spibaro.c...
compiling gps.c...
compiling attitude.c...
compiling IMU.c...
compiling inout.c...
compiling PosEst.c...
compiling compass_on_gps.c...
compiling EEPROM.c...
compiling fixed_matrix_control.c...
compiling ADC.c...
compiling test_cpp.cpp...
compiling SDcard.c...
compiling twi_fast.c...
compiling Filter.c...
compiling USB.c...
linking...
Program Size: Code=61888 RO-data=888 RW-data=836 ZI-data=10404  
FromELF: creating hex file...
"my.axf" - 0 Error(s), 0 Warning(s).
Load "C:\\Users\\Leslie\\Desktop\\项目\\FlyMarker_IIC20160502\\FlyOutdoor_origin\\my.AXF" 
VTarget = 3.656V
Info: TotalIRLen = 4, IRPrint = 0x01
Info: RTCK seems to be bridged with TCK
Info: Auto JTAG speed: 8000 kHz
DLL version V4.90, compiled Jul 28 2014 10:35:20
Firmware: J-Link ARM V7 compiled Jun 20 2012 19:45:53
Hardware: V7.00
Hardware-Breakpoints: 2
Software-Breakpoints: 8192
Watchpoints:          0
Found 1 JTAG device, Total IRLen = 4:
 Id of device #0: 0x3F0F0F0F
ARM7 identified.
JTAG speed: 8000 kHz
Info: Device "AT91SAM7S256" selected (256 KB flash, 64 KB RAM).
Info: Adaptive clocking not supported for selected CPU core. Only supported for -S cores.
Info: Auto JTAG speed: 8000 kHz
Info: Adaptive clocking not supported for selected CPU core. Only supported for -S cores.
Info: Auto JTAG speed: 8000 kHz
JTAG speed: 8000 kHz
Programming Done.
Verify OK.
